
> training-board@0.1.0 build
> next build

   笆ｲ Next.js 14.0.3
   - Environments: .env.local

   Creating an optimized production build ...
node.exe :  筧ｯ Confli
cting app and page fi
le was found, please 
remove the conflictin
g files to continue:
発生場所 行:1 文字:1
+ & "C:\Program Files
\nodejs/node.exe" "C:
\Users\yuki0\AppData\
Roaming\ ...
+ ~~~~~~~~~~~~~~~~~~~
~~~~~~~~~~~~~~~~~~~~~
~~~~~~~~~~~~~~~~~~~~~
~~~~~~~~
    + CategoryInfo   
           : NotSpe  
  cified: ( 筧ｯ Con   
 flicting...es to    
 continue::Strin    g
) [], RemoteExc    ep
tion
    + FullyQualified 
   ErrorId : Native  
  CommandError
 
 筧ｯ   "pages/api/site
map.js" - "app/api/si
temap/route.ts"
